--Sorted Max 32 Values--
60
4
7
40
9
23
7
8
40
0
56
66
56
36
23
8
89
4
40
13
14
56
70
6
77
45
46
56
88
7
24
87
--Last 32 Valeus--
